\BOOKMARK [1][-]{section.1}{\376\377\137\025\212\000}{}% 1
\BOOKMARK [1][-]{section.2}{\376\377\166\370\121\163\135\345\117\134}{}% 2
\BOOKMARK [1][-]{section.3}{\376\377\174\373\176\337\147\266\147\204}{}% 3
\BOOKMARK [2][-]{subsection.3.1}{\376\377\162\266\140\001\060\001\121\161\116\253\116\026\165\114\127\060\126\376\116\016\211\343\173\227\173\227\133\120}{section.3}% 4
\BOOKMARK [2][-]{subsection.3.2}{\376\377\116\011\171\315\173\126\165\145\123\312\121\166\220\350\177\162}{section.3}% 5
\BOOKMARK [1][-]{section.4}{\376\377\165\050\143\011\226\037\000\040\000L\000o\000R\000A\000\040\177\026\170\001\164\003\226\037\216\253\116\375}{}% 6
\BOOKMARK [1][-]{section.5}{\376\377\167\345\213\306\126\376\214\061\142\030\147\057\225\032\133\232}{}% 7
\BOOKMARK [2][-]{subsection.5.1}{\376\377\126\376\214\061\146\057\116\300\116\110\060\001\131\202\117\125\217\320\117\134}{section.5}% 8
\BOOKMARK [2][-]{subsection.5.2}{\376\377\133\203\131\202\117\125\143\320\123\107\174\373\176\337}{section.5}% 9
\BOOKMARK [2][-]{subsection.5.3}{\376\377\116\016\000\040\000L\000o\000R\000A\000\040\124\214\146\172\200\375\117\123\150\106\147\266\166\204\123\117\124\014}{section.5}% 10
\BOOKMARK [1][-]{section.6}{\376\377\174\373\176\337\116\072\117\125\172\063\133\232}{}% 11
\BOOKMARK [2][-]{subsection.6.1}{\376\377\145\340\220\032\117\341\166\204\123\117\214\003}{section.6}% 12
\BOOKMARK [2][-]{subsection.6.2}{\376\377\143\247\164\003\146\057\123\314\172\063\140\001\166\204\040\024\040\024\200\014\116\000\147\141\123\315\231\210\137\213\200\375\117\356\131\015\133\203}{section.6}% 13
\BOOKMARK [2][-]{subsection.6.3}{\376\377\226\065\127\213\116\015\117\032\127\115\177\051}{section.6}% 14
\BOOKMARK [2][-]{subsection.6.4}{\376\377\150\041\121\306\117\134\116\072\131\026\163\257}{section.6}% 15
\BOOKMARK [1][-]{section.7}{\376\377\133\236\232\214}{}% 16
\BOOKMARK [2][-]{subsection.7.1}{\376\377\215\350\133\371\226\065\166\204\154\333\123\026}{section.7}% 17
\BOOKMARK [2][-]{subsection.7.2}{\376\377\000B\000a\000c\000k\000b\000o\000n\000e\000\040\234\201\150\322\140\047}{section.7}% 18
\BOOKMARK [1][-]{section.8}{\376\377\213\250\213\272}{}% 19
\BOOKMARK [2][-]{subsection.8.1}{\376\377\230\316\150\074\117\134\116\072\123\357\217\250\213\306\166\204\117\116\171\351\133\371\214\141}{section.8}% 20
\BOOKMARK [2][-]{subsection.8.2}{\376\377\134\100\226\120\116\016\137\000\145\076\225\356\230\230}{section.8}% 21
\BOOKMARK [1][-]{section.9}{\376\377\176\323\213\272}{}% 22
\BOOKMARK [1][-]{appendix.A}{\376\377\213\301\146\016}{}% 23
\BOOKMARK [1][-]{appendix.B}{\376\377\133\236\163\260\136\070\145\160}{}% 24
\BOOKMARK [1][-]{appendix.C}{\376\377\123\357\131\015\163\260\140\047}{}% 25
